30/04 09:49:25 log in ftp server false
30/04 09:49:25 Error occured: Unresolved compilation problems: 
	The import org.apache.oro cannot be resolved
	The import org.apache.oro cannot be resolved
	The import org.apache.oro cannot be resolved
	The import org.apache.oro cannot be resolved
	The import org.apache.oro cannot be resolved
	The import org.apache.oro cannot be resolved
	Pattern cannot be resolved to a type
	MatchResult cannot be resolved to a type
	PatternMatcher cannot be resolved to a type
	_matcher_ cannot be resolved
	Perl5Matcher cannot be resolved to a type
	pattern cannot be resolved
	Perl5Compiler cannot be resolved to a type
	MalformedPatternException cannot be resolved to a type
	result cannot be resolved or is not a field
	_matcher_ cannot be resolved
	pattern cannot be resolved or is not a field
	result cannot be resolved or is not a field
	_matcher_ cannot be resolved
	result cannot be resolved or is not a field
	result cannot be resolved or is not a field
	result cannot be resolved or is not a field
	result cannot be resolved or is not a field
	result cannot be resolved or is not a field
	result cannot be resolved or is not a field
	result cannot be resolved or is not a field

30/04 09:49:25 Immediate execution completed
30/04 09:54:36 log in ftp server false
30/04 09:54:36 Error occured: Unresolved compilation problems: 
	The import org.apache.oro cannot be resolved
	The import org.apache.oro cannot be resolved
	The import org.apache.oro cannot be resolved
	The import org.apache.oro cannot be resolved
	The import org.apache.oro cannot be resolved
	The import org.apache.oro cannot be resolved
	Pattern cannot be resolved to a type
	MatchResult cannot be resolved to a type
	PatternMatcher cannot be resolved to a type
	_matcher_ cannot be resolved
	Perl5Matcher cannot be resolved to a type
	pattern cannot be resolved
	Perl5Compiler cannot be resolved to a type
	MalformedPatternException cannot be resolved to a type
	result cannot be resolved or is not a field
	_matcher_ cannot be resolved
	pattern cannot be resolved or is not a field
	result cannot be resolved or is not a field
	_matcher_ cannot be resolved
	result cannot be resolved or is not a field
	result cannot be resolved or is not a field
	result cannot be resolved or is not a field
	result cannot be resolved or is not a field
	result cannot be resolved or is not a field
	result cannot be resolved or is not a field
	result cannot be resolved or is not a field

30/04 09:54:36 Immediate execution completed
30/04 09:55:51 log in ftp server false
30/04 09:56:32 Error occured: Unresolved compilation problems: 
	The import org.apache.oro cannot be resolved
	The import org.apache.oro cannot be resolved
	The import org.apache.oro cannot be resolved
	The import org.apache.oro cannot be resolved
	The import org.apache.oro cannot be resolved
	The import org.apache.oro cannot be resolved
	Pattern cannot be resolved to a type
	MatchResult cannot be resolved to a type
	PatternMatcher cannot be resolved to a type
	_matcher_ cannot be resolved
	Perl5Matcher cannot be resolved to a type
	pattern cannot be resolved
	Perl5Compiler cannot be resolved to a type
	MalformedPatternException cannot be resolved to a type
	result cannot be resolved or is not a field
	_matcher_ cannot be resolved
	pattern cannot be resolved or is not a field
	result cannot be resolved or is not a field
	_matcher_ cannot be resolved
	result cannot be resolved or is not a field
	result cannot be resolved or is not a field
	result cannot be resolved or is not a field
	result cannot be resolved or is not a field
	result cannot be resolved or is not a field
	result cannot be resolved or is not a field
	result cannot be resolved or is not a field

30/04 09:56:32 Immediate execution completed
30/04 09:57:11 Start performing immediate execution
30/04 09:59:02 log in ftp server false
30/04 09:59:02 error when login FTP server: FTP response 421 received.  Server closed connection.
30/04 09:59:03 error when send file from /home/app/kmalo/active_SR_7116
30/04 09:59:03 send ftp file complete
30/04 09:59:03 Immediate execution completed
30/04 09:59:09 Start performing immediate execution
30/04 10:00:36 log in ftp server false
30/04 10:00:36 Error occured: Unresolved compilation problems: 
	The import org.apache.oro cannot be resolved
	The import org.apache.oro cannot be resolved
	The import org.apache.oro cannot be resolved
	The import org.apache.oro cannot be resolved
	The import org.apache.oro cannot be resolved
	The import org.apache.oro cannot be resolved
	Pattern cannot be resolved to a type
	MatchResult cannot be resolved to a type
	PatternMatcher cannot be resolved to a type
	_matcher_ cannot be resolved
	Perl5Matcher cannot be resolved to a type
	pattern cannot be resolved
	Perl5Compiler cannot be resolved to a type
	MalformedPatternException cannot be resolved to a type
	result cannot be resolved or is not a field
	_matcher_ cannot be resolved
	pattern cannot be resolved or is not a field
	result cannot be resolved or is not a field
	_matcher_ cannot be resolved
	result cannot be resolved or is not a field
	result cannot be resolved or is not a field
	result cannot be resolved or is not a field
	result cannot be resolved or is not a field
	result cannot be resolved or is not a field
	result cannot be resolved or is not a field
	result cannot be resolved or is not a field

30/04 10:00:36 Immediate execution completed
30/04 10:08:25 Start performing immediate execution
30/04 10:08:25 Error occured: Unresolved compilation problems: 
	The import org.apache.oro cannot be resolved
	The import org.apache.oro cannot be resolved
	The import org.apache.oro cannot be resolved
	The import org.apache.oro cannot be resolved
	The import org.apache.oro cannot be resolved
	The import org.apache.oro cannot be resolved
	Pattern cannot be resolved to a type
	MatchResult cannot be resolved to a type
	PatternMatcher cannot be resolved to a type
	_matcher_ cannot be resolved
	Perl5Matcher cannot be resolved to a type
	pattern cannot be resolved
	Perl5Compiler cannot be resolved to a type
	MalformedPatternException cannot be resolved to a type
	result cannot be resolved or is not a field
	_matcher_ cannot be resolved
	pattern cannot be resolved or is not a field
	result cannot be resolved or is not a field
	_matcher_ cannot be resolved
	result cannot be resolved or is not a field
	result cannot be resolved or is not a field
	result cannot be resolved or is not a field
	result cannot be resolved or is not a field
	result cannot be resolved or is not a field
	result cannot be resolved or is not a field
	result cannot be resolved or is not a field

30/04 10:08:25 Immediate execution completed
30/04 10:08:43 Start performing immediate execution
30/04 10:08:43 Error occured: Unresolved compilation problems: 
	The import org.apache.oro cannot be resolved
	The import org.apache.oro cannot be resolved
	The import org.apache.oro cannot be resolved
	The import org.apache.oro cannot be resolved
	The import org.apache.oro cannot be resolved
	The import org.apache.oro cannot be resolved
	Pattern cannot be resolved to a type
	MatchResult cannot be resolved to a type
	PatternMatcher cannot be resolved to a type
	_matcher_ cannot be resolved
	Perl5Matcher cannot be resolved to a type
	pattern cannot be resolved
	Perl5Compiler cannot be resolved to a type
	MalformedPatternException cannot be resolved to a type
	result cannot be resolved or is not a field
	_matcher_ cannot be resolved
	pattern cannot be resolved or is not a field
	result cannot be resolved or is not a field
	_matcher_ cannot be resolved
	result cannot be resolved or is not a field
	result cannot be resolved or is not a field
	result cannot be resolved or is not a field
	result cannot be resolved or is not a field
	result cannot be resolved or is not a field
	result cannot be resolved or is not a field
	result cannot be resolved or is not a field

30/04 10:08:43 Immediate execution completed
30/04 10:09:06 Start performing immediate execution
30/04 10:10:57 error when login FTP server: Connection closed without indication.
30/04 10:10:57 error when send file from /home/app/kmalo/active_SR_7116
30/04 10:10:57 send ftp file complete
30/04 10:10:57 Immediate execution completed
30/04 10:16:44 Start performing immediate execution
30/04 10:16:44 Error occured: Unresolved compilation problems: 
	The import org.apache.oro cannot be resolved
	The import org.apache.oro cannot be resolved
	The import org.apache.oro cannot be resolved
	The import org.apache.oro cannot be resolved
	The import org.apache.oro cannot be resolved
	The import org.apache.oro cannot be resolved
	Pattern cannot be resolved to a type
	MatchResult cannot be resolved to a type
	PatternMatcher cannot be resolved to a type
	_matcher_ cannot be resolved
	Perl5Matcher cannot be resolved to a type
	pattern cannot be resolved
	Perl5Compiler cannot be resolved to a type
	MalformedPatternException cannot be resolved to a type
	result cannot be resolved or is not a field
	_matcher_ cannot be resolved
	pattern cannot be resolved or is not a field
	result cannot be resolved or is not a field
	_matcher_ cannot be resolved
	result cannot be resolved or is not a field
	result cannot be resolved or is not a field
	result cannot be resolved or is not a field
	result cannot be resolved or is not a field
	result cannot be resolved or is not a field
	result cannot be resolved or is not a field
	result cannot be resolved or is not a field

30/04 10:16:44 Immediate execution completed
30/04 10:23:24 Error occured: Unresolved compilation problems: 
	The import org.apache.oro cannot be resolved
	The import org.apache.oro cannot be resolved
	The import org.apache.oro cannot be resolved
	The import org.apache.oro cannot be resolved
	The import org.apache.oro cannot be resolved
	The import org.apache.oro cannot be resolved
	Pattern cannot be resolved to a type
	MatchResult cannot be resolved to a type
	PatternMatcher cannot be resolved to a type
	_matcher_ cannot be resolved
	Perl5Matcher cannot be resolved to a type
	pattern cannot be resolved
	Perl5Compiler cannot be resolved to a type
	MalformedPatternException cannot be resolved to a type
	result cannot be resolved or is not a field
	_matcher_ cannot be resolved
	pattern cannot be resolved or is not a field
	result cannot be resolved or is not a field
	_matcher_ cannot be resolved
	result cannot be resolved or is not a field
	result cannot be resolved or is not a field
	result cannot be resolved or is not a field
	result cannot be resolved or is not a field
	result cannot be resolved or is not a field
	result cannot be resolved or is not a field
	result cannot be resolved or is not a field

30/04 10:23:24 Immediate execution completed
30/04 10:23:30 Start performing immediate execution
30/04 10:35:19 Error occured: Unresolved compilation problems: 
	The import org.apache.oro cannot be resolved
	The import org.apache.oro cannot be resolved
	The import org.apache.oro cannot be resolved
	The import org.apache.oro cannot be resolved
	The import org.apache.oro cannot be resolved
	The import org.apache.oro cannot be resolved
	Pattern cannot be resolved to a type
	MatchResult cannot be resolved to a type
	PatternMatcher cannot be resolved to a type
	_matcher_ cannot be resolved
	Perl5Matcher cannot be resolved to a type
	pattern cannot be resolved
	Perl5Compiler cannot be resolved to a type
	MalformedPatternException cannot be resolved to a type
	result cannot be resolved or is not a field
	_matcher_ cannot be resolved
	pattern cannot be resolved or is not a field
	result cannot be resolved or is not a field
	_matcher_ cannot be resolved
	result cannot be resolved or is not a field
	result cannot be resolved or is not a field
	result cannot be resolved or is not a field
	result cannot be resolved or is not a field
	result cannot be resolved or is not a field
	result cannot be resolved or is not a field
	result cannot be resolved or is not a field

30/04 10:35:19 Immediate execution completed
30/04 10:37:33 Error occured: Unresolved compilation problems: 
	The import org.apache.oro cannot be resolved
	The import org.apache.oro cannot be resolved
	The import org.apache.oro cannot be resolved
	The import org.apache.oro cannot be resolved
	The import org.apache.oro cannot be resolved
	The import org.apache.oro cannot be resolved
	Pattern cannot be resolved to a type
	MatchResult cannot be resolved to a type
	PatternMatcher cannot be resolved to a type
	_matcher_ cannot be resolved
	Perl5Matcher cannot be resolved to a type
	pattern cannot be resolved
	Perl5Compiler cannot be resolved to a type
	MalformedPatternException cannot be resolved to a type
	result cannot be resolved or is not a field
	_matcher_ cannot be resolved
	pattern cannot be resolved or is not a field
	result cannot be resolved or is not a field
	_matcher_ cannot be resolved
	result cannot be resolved or is not a field
	result cannot be resolved or is not a field
	result cannot be resolved or is not a field
	result cannot be resolved or is not a field
	result cannot be resolved or is not a field
	result cannot be resolved or is not a field
	result cannot be resolved or is not a field

30/04 10:37:33 Immediate execution completed
30/04 10:37:37 Start performing immediate execution
30/04 10:37:37 Error occured: Unresolved compilation problems: 
	The import org.apache.oro cannot be resolved
	The import org.apache.oro cannot be resolved
	The import org.apache.oro cannot be resolved
	The import org.apache.oro cannot be resolved
	The import org.apache.oro cannot be resolved
	The import org.apache.oro cannot be resolved
	Pattern cannot be resolved to a type
	MatchResult cannot be resolved to a type
	PatternMatcher cannot be resolved to a type
	_matcher_ cannot be resolved
	Perl5Matcher cannot be resolved to a type
	pattern cannot be resolved
	Perl5Compiler cannot be resolved to a type
	MalformedPatternException cannot be resolved to a type
	result cannot be resolved or is not a field
	_matcher_ cannot be resolved
	pattern cannot be resolved or is not a field
	result cannot be resolved or is not a field
	_matcher_ cannot be resolved
	result cannot be resolved or is not a field
	result cannot be resolved or is not a field
	result cannot be resolved or is not a field
	result cannot be resolved or is not a field
	result cannot be resolved or is not a field
	result cannot be resolved or is not a field
	result cannot be resolved or is not a field

30/04 10:37:37 Immediate execution completed
