01/05 00:54:59 KM Mazda alert : QueueCardItem:19488 records.
01/05 01:55:01 [NOTIFICATION] THREAD : Is running
01/05 01:55:01 KM Mazda alert : QueueCardItem:19488 records.
01/05 02:55:03 [NOTIFICATION] THREAD : Is running
01/05 02:55:03 KM Mazda alert : QueueCardItem:19488 records.
01/05 03:55:05 [NOTIFICATION] THREAD : Is running
01/05 03:55:05 KM Mazda alert : QueueCardItem:19488 records.
01/05 04:55:07 [NOTIFICATION] THREAD : Is running
01/05 04:55:07 KM Mazda alert : QueueCardItem:19488 records.
01/05 05:55:09 [NOTIFICATION] THREAD : Is running
01/05 05:55:09 KM Mazda alert : QueueCardItem:19488 records.
01/05 06:55:11 [NOTIFICATION] THREAD : Is running
01/05 06:55:11 KM Mazda alert : QueueCardItem:19488 records.
01/05 07:55:14 [NOTIFICATION] THREAD : Is running
01/05 07:55:14 KM Mazda alert : QueueCardItem:19488 records.
01/05 08:55:16 [NOTIFICATION] THREAD : Is running
01/05 08:55:16 KM Mazda alert : QueueCardItem:19488 records.
01/05 09:55:18 [NOTIFICATION] THREAD : Is running
01/05 09:55:18 KM Mazda alert : QueueCardItem:19488 records.
01/05 10:26:24 ThreadViewQueue started
01/05 10:43:22 Start performing immediate execution
01/05 10:43:22 KM Mazda alert : QueueCardItem:17783 records.
01/05 10:43:22 Immediate execution completed
01/05 10:47:34 ThreadViewQueue started
01/05 10:48:44 ThreadViewQueue started
01/05 10:53:09 Start performing immediate execution
01/05 10:53:09 KM Mazda alert : QueueCardItem:16783 records.
01/05 10:53:09 Immediate execution completed
01/05 11:00:11 Start performing immediate execution
01/05 11:00:11 Immediate execution completed
01/05 11:01:46 ThreadViewQueue started
01/05 11:02:36 Start performing immediate execution
01/05 11:02:36 KM Mazda alert : QueueCardItem:2920 records.
01/05 11:02:36 Immediate execution completed
01/05 11:03:48 Start performing immediate execution
01/05 11:03:48 KM Mazda alert : QueueCardItem:17783 records.
01/05 11:03:48 Immediate execution completed
01/05 11:03:49 Start performing immediate execution
01/05 11:03:49 KM Mazda alert : QueueCardItem:17783 records.
01/05 11:03:49 Immediate execution completed
