30/04 09:46:02 ThreadViewQueue started
30/04 09:54:22 ThreadViewQueue started
30/04 09:55:32 ThreadViewQueue started
30/04 09:59:44 Error occured: Io exception: The Network Adapter could not establish the connection
30/04 10:00:29 ThreadViewQueue started
30/04 10:04:41 Error occured: Io exception: The Network Adapter could not establish the connection
30/04 10:22:32 ThreadViewQueue started
30/04 10:26:44 Error occured: Io exception: The Network Adapter could not establish the connection
30/04 10:34:38 ThreadViewQueue started
30/04 10:37:24 ThreadViewQueue started
30/04 10:49:05 ThreadViewQueue started
30/04 10:53:17 Error occured: Io exception: The Network Adapter could not establish the connection
30/04 10:54:57 ThreadViewQueue started
30/04 10:59:09 Error occured: Io exception: The Network Adapter could not establish the connection
30/04 11:06:54 ThreadViewQueue started
30/04 11:12:37 ThreadViewQueue started
30/04 11:13:40 ThreadViewQueue started
30/04 11:17:52 Error occured: Io exception: The Network Adapter could not establish the connection
30/04 11:27:30 ThreadViewQueue started
30/04 11:30:03 ThreadViewQueue started
30/04 11:34:15 Error occured: Io exception: The Network Adapter could not establish the connection
30/04 11:40:11 ThreadViewQueue started
30/04 11:44:23 Error occured: Io exception: The Network Adapter could not establish the connection
30/04 11:52:38 Start performing immediate execution
30/04 11:52:59 Error occured: Io exception: The Network Adapter could not establish the connection
30/04 11:52:59 Immediate execution completed
30/04 11:54:31 ThreadViewQueue started
30/04 11:54:40 Start performing immediate execution
30/04 11:54:40 Immediate execution completed
30/04 11:57:23 Start performing immediate execution
30/04 11:57:23 KM Mazda alert : QueueCardItem:19488 records.
30/04 11:57:23 Immediate execution completed
30/04 12:54:33 [NOTIFICATION] THREAD : Is running
30/04 12:54:33 KM Mazda alert : QueueCardItem:19488 records.
30/04 13:54:35 [NOTIFICATION] THREAD : Is running
30/04 13:54:35 KM Mazda alert : QueueCardItem:19488 records.
30/04 14:54:37 [NOTIFICATION] THREAD : Is running
30/04 14:54:37 KM Mazda alert : QueueCardItem:19488 records.
30/04 15:54:39 [NOTIFICATION] THREAD : Is running
30/04 15:54:39 KM Mazda alert : QueueCardItem:19488 records.
30/04 16:54:42 [NOTIFICATION] THREAD : Is running
30/04 16:54:42 KM Mazda alert : QueueCardItem:19488 records.
30/04 17:54:44 [NOTIFICATION] THREAD : Is running
30/04 17:54:44 KM Mazda alert : QueueCardItem:19488 records.
30/04 18:54:46 [NOTIFICATION] THREAD : Is running
30/04 18:54:46 KM Mazda alert : QueueCardItem:19488 records.
30/04 19:54:48 [NOTIFICATION] THREAD : Is running
30/04 19:54:48 KM Mazda alert : QueueCardItem:19488 records.
30/04 20:54:50 [NOTIFICATION] THREAD : Is running
30/04 20:54:50 KM Mazda alert : QueueCardItem:19488 records.
30/04 21:54:52 [NOTIFICATION] THREAD : Is running
30/04 21:54:52 KM Mazda alert : QueueCardItem:19488 records.
30/04 22:54:54 [NOTIFICATION] THREAD : Is running
30/04 22:54:54 KM Mazda alert : QueueCardItem:19488 records.
30/04 23:54:57 [NOTIFICATION] THREAD : Is running
30/04 23:54:57 KM Mazda alert : QueueCardItem:19488 records.
01/05 00:54:59 [NOTIFICATION] THREAD : Is running
