29/04 09:47:41 [STARTED]ThreadViewQueue started
29/04 09:47:42 [CONNECTED]User 'system' connected successfully
29/04 09:48:53 User 'system' try to update parameter of thread 'Import cdr Topups'
29/04 09:48:53 Parameter of thread 'Import cdr Topups' updated
29/04 09:52:36 [STARTED]ThreadViewQueue started
29/04 09:52:40 [CONNECTED]User 'system' connected successfully
29/04 10:00:36 [STARTED]ThreadViewQueue started
29/04 10:00:39 [CONNECTED]User 'system' connected successfully
29/04 10:02:13 [STARTED]ThreadViewQueue started
29/04 10:02:14 [CONNECTED]User 'system' connected successfully
29/04 10:04:14 [STARTED]ThreadViewQueue started
29/04 10:04:15 [CONNECTED]User 'system' connected successfully
29/04 10:07:08 [STARTED]ThreadViewQueue started
29/04 10:07:13 [CONNECT-FAIL]User '' connected failure
29/04 10:08:43 [STARTED]ThreadViewQueue started
29/04 10:08:47 [CONNECTED]User 'system' connected successfully
29/04 10:12:43 [STARTED]ThreadViewQueue started
29/04 10:12:45 [CONNECTED]User 'system' connected successfully
29/04 10:26:42 [STARTED]ThreadViewQueue started
29/04 10:26:44 [CONNECTED]User 'system' connected successfully
29/04 10:26:57 [STARTED]ThreadViewQueue started
29/04 10:27:05 [CONNECTED]User 'system' connected successfully
29/04 10:37:40 [STARTED]ThreadViewQueue started
29/04 10:37:42 [CONNECTED]User 'system' connected successfully
29/04 10:39:16 [STARTED]ThreadViewQueue started
29/04 10:39:18 [CONNECTED]User 'system' connected successfully
29/04 10:39:39 [STARTED]ThreadViewQueue started
29/04 10:39:47 [CONNECTED]User 'system' connected successfully
30/04 09:46:02 [STARTED]ThreadViewQueue started
30/04 09:46:51 [CONNECTED]User 'system' connected successfully
30/04 09:49:23 User 'system' try to update parameter of thread 'Download CDR Topup'
30/04 09:49:23 Parameter of thread 'Download CDR Topup' updated
30/04 09:54:22 [STARTED]ThreadViewQueue started
30/04 09:54:24 [CONNECTED]User 'system' connected successfully
30/04 09:55:32 [STARTED]ThreadViewQueue started
30/04 09:55:33 [CONNECTED]User 'system' connected successfully
30/04 10:00:29 [STARTED]ThreadViewQueue started
30/04 10:00:30 [CONNECTED]User 'system' connected successfully
30/04 10:22:32 [STARTED]ThreadViewQueue started
30/04 10:22:35 [CONNECTED]User 'system' connected successfully
30/04 10:34:38 [STARTED]ThreadViewQueue started
30/04 10:34:41 [CONNECTED]User 'system' connected successfully
30/04 10:37:24 [STARTED]ThreadViewQueue started
30/04 10:37:25 [CONNECTED]User 'system' connected successfully
30/04 10:49:05 [STARTED]ThreadViewQueue started
30/04 10:49:12 [CONNECTED]User 'system' connected successfully
30/04 10:54:57 [STARTED]ThreadViewQueue started
30/04 10:55:03 [CONNECTED]User 'system' connected successfully
30/04 10:57:51 User 'system' try to update parameter of thread 'Import cdr CSVImpExt'
30/04 10:57:51 Parameter of thread 'Import cdr CSVImpExt' updated
30/04 10:58:54 User 'system' try to update parameter of thread 'Import cdr CSVImpExt'
30/04 10:58:54 Parameter of thread 'Import cdr CSVImpExt' updated
30/04 10:59:50 User 'system' try to update parameter of thread 'Import cdr CSVImpExt'
30/04 10:59:50 Parameter of thread 'Import cdr CSVImpExt' updated
30/04 11:06:54 [STARTED]ThreadViewQueue started
30/04 11:07:03 [CONNECTED]User 'system' connected successfully
30/04 11:12:37 [STARTED]ThreadViewQueue started
30/04 11:12:42 [CONNECTED]User 'system' connected successfully
30/04 11:12:58 User 'system' try to update parameter of thread 'Import cdr CSVImpExt'
30/04 11:12:58 Parameter of thread 'Import cdr CSVImpExt' updated
30/04 11:13:40 [STARTED]ThreadViewQueue started
30/04 11:13:43 [CONNECTED]User 'system' connected successfully
30/04 11:18:23 User 'system' try to update parameter of thread 'Import cdr CSVImpExt'
30/04 11:18:23 Parameter of thread 'Import cdr CSVImpExt' updated
30/04 11:26:05 User 'system' try to update parameter of thread 'Import cdr CSVImpExt'
30/04 11:26:05 Parameter of thread 'Import cdr CSVImpExt' updated
30/04 11:27:30 [STARTED]ThreadViewQueue started
30/04 11:28:19 [CONNECTED]User 'system' connected successfully
30/04 11:30:03 [STARTED]ThreadViewQueue started
30/04 11:30:06 [CONNECTED]User 'system' connected successfully
30/04 11:40:00 User 'system' try to update parameter of thread 'Import cdr CSVImpExt'
30/04 11:40:00 Parameter of thread 'Import cdr CSVImpExt' updated
30/04 11:40:11 [STARTED]ThreadViewQueue started
30/04 11:40:13 [CONNECTED]User 'system' connected successfully
30/04 11:40:41 User 'system' try to update parameter of thread 'Import cdr CSVImpExt'
30/04 11:40:41 Parameter of thread 'Import cdr CSVImpExt' updated
30/04 11:47:34 User 'system' try to update parameter of thread 'CardTopup'
30/04 11:47:40 User 'system' try to update parameter of thread 'CardTopup'
30/04 11:47:51 User 'system' try to update parameter of thread 'CardTopup'
30/04 11:47:51 Parameter of thread 'CardTopup' updated
30/04 11:50:08 User 'system' try to update parameter of thread 'CardTopup'
30/04 11:50:08 Parameter of thread 'CardTopup' updated
30/04 11:51:49 User 'system' try to update parameter of thread 'CardTopup'
30/04 11:51:49 Parameter of thread 'CardTopup' updated
30/04 11:54:31 [STARTED]ThreadViewQueue started
30/04 11:54:35 [CONNECTED]User 'system' connected successfully
30/04 11:55:04 User 'system' try to update parameter of thread 'CardTopup'
30/04 11:55:04 Parameter of thread 'CardTopup' updated
01/05 10:26:24 [STARTED]ThreadViewQueue started
01/05 10:26:27 [CONNECTED]User 'system' connected successfully
01/05 10:33:50 User 'system' try to update parameter of thread 'LotteryCode_ver2'
01/05 10:33:50 Parameter of thread 'LotteryCode_ver2' updated
01/05 10:35:20 User 'system' try to update parameter of thread 'CardTopup'
01/05 10:35:20 Parameter of thread 'CardTopup' updated
01/05 10:47:34 [STARTED]ThreadViewQueue started
01/05 10:47:34 [CONNECTED]User 'system' connected successfully
01/05 10:47:52 User 'system' try to update parameter of thread 'CardTopup'
01/05 10:47:52 Parameter of thread 'CardTopup' updated
01/05 10:48:44 [STARTED]ThreadViewQueue started
01/05 10:48:47 [CONNECTED]User 'system' connected successfully
01/05 10:49:10 User 'system' try to update parameter of thread 'CardTopup'
01/05 10:49:10 Parameter of thread 'CardTopup' updated
01/05 10:49:59 User 'system' try to update parameter of thread 'CardTopup'
01/05 10:49:59 Parameter of thread 'CardTopup' updated
01/05 10:52:49 User 'system' try to start thread 'LotteryCode_ver2'
01/05 10:52:49 [STARTED]LotteryCode_ver2 started
01/05 10:52:58 User 'system' try to stop thread 'LotteryCode_ver2'
01/05 10:52:58 [STOPPED]LotteryCode_ver2 stopped
01/05 10:53:22 User 'system' try to update parameter of thread 'LotteryCode_ver2'
01/05 10:53:22 Parameter of thread 'LotteryCode_ver2' updated
01/05 10:53:26 User 'system' try to start thread 'LotteryCode_ver2'
01/05 10:53:26 [STARTED]LotteryCode_ver2 started
01/05 10:55:22 User 'system' try to stop thread 'LotteryCode_ver2'
01/05 10:55:23 [STOPPED]LotteryCode_ver2 stopped
01/05 10:56:28 User 'system' try to update parameter of thread 'CardTopup'
01/05 10:56:28 Parameter of thread 'CardTopup' updated
01/05 10:56:53 User 'system' try to update parameter of thread 'CardTopup'
01/05 10:56:53 Parameter of thread 'CardTopup' updated
01/05 10:57:49 User 'system' try to update parameter of thread 'CardTopup'
01/05 10:57:49 Parameter of thread 'CardTopup' updated
01/05 11:01:46 [STARTED]ThreadViewQueue started
01/05 11:01:50 [CONNECTED]User 'system' connected successfully
01/05 11:03:58 User 'system' try to start thread 'LotteryCode_ver2'
01/05 11:03:58 [STARTED]LotteryCode_ver2 started
01/05 11:05:32 User 'system' try to stop thread 'LotteryCode_ver2'
01/05 11:05:33 [STOPPED]LotteryCode_ver2 stopped
01/05 11:25:12 User 'system' try to update parameter of thread 'DataReg'
01/05 11:25:12 Parameter of thread 'DataReg' updated
01/05 11:26:32 [STARTED]ThreadViewQueue started
01/05 11:26:38 [CONNECTED]User 'system' connected successfully
01/05 11:31:47 [STARTED]ThreadViewQueue started
01/05 11:32:51 [CONNECTED]User 'system' connected successfully
01/05 11:33:05 User 'system' try to update parameter of thread 'DataReg'
01/05 11:33:06 Parameter of thread 'DataReg' updated
19/05 16:36:38 [STARTED]ThreadViewQueue started
19/05 16:36:46 [CONNECTED]User 'system' connected successfully
19/05 16:37:13 User 'system' try to update parameter of thread 'SMSMDT'
19/05 16:37:13 Parameter of thread 'SMSMDT' updated
19/05 16:37:37 [STARTED]ThreadViewQueue started
19/05 16:37:39 [CONNECTED]User 'system' connected successfully
19/05 16:43:19 [STARTED]ThreadViewQueue started
19/05 16:43:21 [CONNECTED]User 'system' connected successfully
19/05 16:44:09 User 'system' try to update parameter of thread 'SMSMDT'
19/05 16:44:09 Parameter of thread 'SMSMDT' updated
19/05 16:45:11 User 'system' try to update parameter of thread 'SMSMDT'
19/05 16:45:11 Parameter of thread 'SMSMDT' updated
19/05 16:59:06 [STARTED]ThreadViewQueue started
19/05 16:59:10 [CONNECTED]User 'system' connected successfully
19/05 16:59:53 User 'system' try to update parameter of thread 'Read From SMS'
19/05 16:59:53 Parameter of thread 'Read From SMS' updated
19/05 17:00:12 User 'system' try to update parameter of thread 'Read From SMS'
19/05 17:00:12 Parameter of thread 'Read From SMS' updated
19/05 17:00:18 User 'system' try to update parameter of thread 'Read From SMS'
19/05 17:00:18 Parameter of thread 'Read From SMS' updated
19/05 17:02:09 User 'system' try to update parameter of thread 'Read From SMS'
19/05 17:02:09 Parameter of thread 'Read From SMS' updated
19/05 17:03:42 User 'system' try to update parameter of thread 'Read From SMS'
19/05 17:03:42 Parameter of thread 'Read From SMS' updated
19/05 17:59:41 User 'system' try to update parameter of thread 'Read From SMS'
19/05 17:59:41 Parameter of thread 'Read From SMS' updated
19/05 18:00:03 User 'system' try to update parameter of thread 'Read From SMS'
19/05 18:00:03 Parameter of thread 'Read From SMS' updated
19/05 18:00:34 User 'system' try to update parameter of thread 'Read From SMS'
