01/05 10:44:12 Error occured: Io exception: The Network Adapter could not establish the connection
01/05 10:44:12 Immediate execution completed
01/05 10:49:17 Processed items: 180
01/05 10:49:17 Immediate execution completed
01/05 10:52:49 LotteryCode_ver2 started
01/05 10:52:52 Processed items: 1000
01/05 10:52:58 LotteryCode_ver2 stopped
01/05 10:53:26 LotteryCode_ver2 started
01/05 10:53:29 Processed items: 1000
01/05 10:53:34 Processed items: 1000
01/05 10:53:39 Processed items: 1000
01/05 10:53:44 Processed items: 1000
01/05 10:53:49 Processed items: 1000
01/05 10:53:54 Processed items: 1000
01/05 10:53:59 Processed items: 1000
01/05 10:54:04 Processed items: 1000
01/05 10:54:09 Processed items: 1000
01/05 10:54:13 Processed items: 1000
01/05 10:54:18 Processed items: 1000
01/05 10:54:23 Processed items: 1000
01/05 10:54:28 Processed items: 1000
01/05 10:54:33 Processed items: 1000
01/05 10:54:38 Processed items: 1000
01/05 10:54:43 Processed items: 1000
01/05 10:54:47 Processed items: 783
01/05 10:54:49 Processed items: 0
01/05 10:54:51 Processed items: 0
01/05 10:54:53 Processed items: 0
01/05 10:54:55 Processed items: 0
01/05 10:54:57 Processed items: 0
01/05 10:54:59 Processed items: 0
01/05 10:55:01 Processed items: 0
01/05 10:55:04 Processed items: 0
01/05 10:55:06 Processed items: 0
01/05 10:55:08 Processed items: 0
01/05 10:55:10 Processed items: 0
01/05 10:55:12 Processed items: 0
01/05 10:55:14 Processed items: 0
01/05 10:55:16 Processed items: 0
01/05 10:55:18 Processed items: 0
01/05 10:55:20 Processed items: 0
01/05 10:55:22 Processed items: 0
01/05 10:55:23 LotteryCode_ver2 stopped
01/05 11:03:58 LotteryCode_ver2 started
01/05 11:04:01 Processed items: 1000
01/05 11:04:06 Processed items: 1000
01/05 11:04:11 Processed items: 1000
01/05 11:04:16 Processed items: 1000
01/05 11:04:20 Processed items: 1000
01/05 11:04:25 Processed items: 1000
01/05 11:04:30 Processed items: 1000
01/05 11:04:35 Processed items: 1000
01/05 11:04:40 Processed items: 1000
01/05 11:04:44 Processed items: 1000
01/05 11:04:49 Processed items: 1000
01/05 11:04:54 Processed items: 1000
01/05 11:04:59 Processed items: 1000
01/05 11:05:04 Processed items: 1000
01/05 11:05:09 Processed items: 1000
01/05 11:05:14 Processed items: 1000
01/05 11:05:19 Processed items: 1000
01/05 11:05:24 Processed items: 783
01/05 11:05:26 Processed items: 0
01/05 11:05:28 Processed items: 0
01/05 11:05:30 Processed items: 0
01/05 11:05:32 Processed items: 0
01/05 11:05:33 LotteryCode_ver2 stopped
